---
- path: "Runner_mobilize(test)/jobs"
  state: working
  count: 1
  confirmed_ats: []
- path: "Runner_mobilize(test)/jobs/hive1/stage1"
  state: working
  count: 1
  confirmed_ats: []
- path: "Runner_mobilize(test)/jobs/hive1/stage2"
  state: working
  count: 1
  confirmed_ats: []
- path: "Runner_mobilize(test)/jobs/hive1/stage3"
  state: working
  count: 1
  confirmed_ats: []
- path: "Runner_mobilize(test)/jobs/hive1/stage4"
  state: working
  count: 1
  confirmed_ats: []
- path: "Runner_mobilize(test)/jobs/hive1/stage5"
  state: working
  count: 1
  confirmed_ats: []
- path: "Runner_mobilize(test)/jobs/hive2/stage1"
  state: working
  count: 1
  confirmed_ats: []
- path: "Runner_mobilize(test)/jobs/hive2/stage2"
  state: working
  count: 1
  confirmed_ats: []
- path: "Runner_mobilize(test)/jobs/hive2/stage3"
  state: working
  count: 1
  confirmed_ats: []
- path: "Runner_mobilize(test)/jobs/hive3/stage1"
  state: working
  count: 1
  confirmed_ats: []
- path: "Runner_mobilize(test)/jobs/hive3/stage2"
  state: working
  count: 1
  confirmed_ats: []
- path: "Runner_mobilize(test)/jobs/hive3/stage3"
  state: working
  count: 1
  confirmed_ats: []
- path: "Runner_mobilize(test)/jobs/hive3/stage4"
  state: working
  count: 1
  confirmed_ats: []
- path: "Runner_mobilize(test)/jobs/hive4/stage1"
  state: working
  count: 1
  confirmed_ats: []
- path: "Runner_mobilize(test)/jobs/hive4/stage2"
  state: working
  count: 1
  confirmed_ats: []
- path: "Runner_mobilize(test)/jobs/hive4/stage3"
  state: working
  count: 1
  confirmed_ats: []
- path: "Runner_mobilize(test)/jobs/hive4/stage4"
  state: working
  count: 1
  confirmed_ats: []
